Component: ARM Compiler 6.16 Tool: armlink [5dfeaa00]

==============================================================================

Memory Map of the image

  Image Entry point : 0x00000411

  Load Region LR_IROM1 (Base: 0x00000000, Size: 0x00006eb4, Max: 0x00100000, ABSOLUTE)

    Execution Region VECTOR_ROM (Base: 0x00000000, Size: 0x00000400, Max: 0x00000400, ABSOLUTE)

    Base Addr    Size         Type   Attr      Idx    E Section Name        Object

    0x00000000   0x00000400   Data   RO         2863    RESET               BUILD/K64F/ARM/mbed-os/targets/TARGET_Freescale/TARGET_MCUXpresso_MCUS/TARGET_MCU_K64F/device/TOOLCHAIN_ARM_STD/startup_MK64F12.o


    Execution Region ER_m_flash_config (Base: 0x00000400, Size: 0x00000010, Max: 0x00000010, ABSOLUTE, FIXED)

    Base Addr    Size         Type   Attr      Idx    E Section Name        Object

    0x00000400   0x00000010   Data   RO         2864    FlashConfig         BUILD/K64F/ARM/mbed-os/targets/TARGET_Freescale/TARGET_MCUXpresso_MCUS/TARGET_MCU_K64F/device/TOOLCHAIN_ARM_STD/startup_MK64F12.o


    Execution Region ER_IROM1 (Base: 0x00000410, Size: 0x00006a2c, Max: 0x000ffbf0, ABSOLUTE)

    Base Addr    Size         Type   Attr      Idx    E Section Name        Object

    0x00000410   0x00000000   Code   RO         4658  * .ARM.Collect$$$$00000000  c:\ProgramData\Mbed Studio\mbed-studio-tools\ac6\bin\..\lib\armlib\mc_w.l(entry.o)
    0x00000410   0x00000004   Code   RO         4840    .ARM.Collect$$$$00000003  c:\ProgramData\Mbed Studio\mbed-studio-tools\ac6\bin\..\lib\armlib\mc_w.l(entry4.o)
    0x00000414   0x00000004   Code   RO         4843    .ARM.Collect$$$$00000004  c:\ProgramData\Mbed Studio\mbed-studio-tools\ac6\bin\..\lib\armlib\mc_w.l(entry5.o)
    0x00000418   0x00000004   Code   RO         4660    .ARM.Collect$$$$00000006  c:\ProgramData\Mbed Studio\mbed-studio-tools\ac6\bin\..\lib\armlib\mc_w.l(entry6b.o)
    0x0000041c   0x00000000   Code   RO         4845    .ARM.Collect$$$$00000008  c:\ProgramData\Mbed Studio\mbed-studio-tools\ac6\bin\..\lib\armlib\mc_w.l(entry7b.o)
    0x0000041c   0x00000004   Code   RO         4846    .ARM.Collect$$$$00000009  c:\ProgramData\Mbed Studio\mbed-studio-tools\ac6\bin\..\lib\armlib\mc_w.l(entry8a.o)
    0x00000420   0x00000000   Code   RO         4847    .ARM.Collect$$$$0000000A  c:\ProgramData\Mbed Studio\mbed-studio-tools\ac6\bin\..\lib\armlib\mc_w.l(entry8b.o)
    0x00000420   0x00000008   Code   RO         4848    .ARM.Collect$$$$0000000B  c:\ProgramData\Mbed Studio\mbed-studio-tools\ac6\bin\..\lib\armlib\mc_w.l(entry9a.o)
    0x00000428   0x00000000   Code   RO         4850    .ARM.Collect$$$$0000000D  c:\ProgramData\Mbed Studio\mbed-studio-tools\ac6\bin\..\lib\armlib\mc_w.l(entry10a.o)
    0x00000428   0x00000000   Code   RO         4852    .ARM.Collect$$$$0000000F  c:\ProgramData\Mbed Studio\mbed-studio-tools\ac6\bin\..\lib\armlib\mc_w.l(entry11a.o)
    0x00000428   0x00000004   Code   RO         4841    .ARM.Collect$$$$00002714  c:\ProgramData\Mbed Studio\mbed-studio-tools\ac6\bin\..\lib\armlib\mc_w.l(entry4.o)
    0x0000042c   0x0000005c   Code   RO         1553    .text               BUILD/K64F/ARM/mbed-os/platform/source/TARGET_CORTEX_M/TOOLCHAIN_ARM/except.o
    0x00000488   0x000001c0   Code   RO         2865    .text               BUILD/K64F/ARM/mbed-os/targets/TARGET_Freescale/TARGET_MCUXpresso_MCUS/TARGET_MCU_K64F/device/TOOLCHAIN_ARM_STD/startup_MK64F12.o
    0x00000648   0x00000020   Code   RO         4716    .text               c:\ProgramData\Mbed Studio\mbed-studio-tools\ac6\bin\..\lib\armlib\mc_w.l(initio_oe.o)
    0x00000668   0x00000028   Code   RO         4724    .text               c:\ProgramData\Mbed Studio\mbed-studio-tools\ac6\bin\..\lib\armlib\mc_w.l(fputc_fp.o)
    0x00000690   0x00000062   Code   RO         4744    .text               c:\ProgramData\Mbed Studio\mbed-studio-tools\ac6\bin\..\lib\armlib\mc_w.l(uldiv.o)
    0x000006f2   0x00000062   Code   RO         4746    .text               c:\ProgramData\Mbed Studio\mbed-studio-tools\ac6\bin\..\lib\armlib\mc_w.l(ldiv.o)
    0x00000754   0x00000024   Code   RO         4748    .text               c:\ProgramData\Mbed Studio\mbed-studio-tools\ac6\bin\..\lib\armlib\mc_w.l(memcpya.o)
    0x00000778   0x00000024   Code   RO         4750    .text               c:\ProgramData\Mbed Studio\mbed-studio-tools\ac6\bin\..\lib\armlib\mc_w.l(memseta.o)
    0x0000079c   0x0000000e   Code   RO         4756    .text               c:\ProgramData\Mbed Studio\mbed-studio-tools\ac6\bin\..\lib\armlib\mc_w.l(strlen.o)
    0x000007aa   0x0000001c   Code   RO         4758    .text               c:\ProgramData\Mbed Studio\mbed-studio-tools\ac6\bin\..\lib\armlib\mc_w.l(strcmp.o)
    0x000007c6   0x0000001a   Code   RO         4760    .text               c:\ProgramData\Mbed Studio\mbed-studio-tools\ac6\bin\..\lib\armlib\mc_w.l(memcmp.o)
    0x000007e0   0x0000001c   Code   RO         4762    .text               c:\ProgramData\Mbed Studio\mbed-studio-tools\ac6\bin\..\lib\armlib\mc_w.l(strspn.o)
    0x000007fc   0x00000020   Code   RO         4813    .text               c:\ProgramData\Mbed Studio\mbed-studio-tools\ac6\bin\..\lib\armlib\mc_w.l(cpp_init.o)
    0x0000081c   0x0000001e   Code   RO         4861    .text               c:\ProgramData\Mbed Studio\mbed-studio-tools\ac6\bin\..\lib\armlib\mc_w.l(llshl.o)
    0x0000083a   0x00000020   Code   RO         4863    .text               c:\ProgramData\Mbed Studio\mbed-studio-tools\ac6\bin\..\lib\armlib\mc_w.l(llushr.o)
    0x0000085a   0x00000002   PAD
    0x0000085c   0x00000024   Code   RO         4904    .text               c:\ProgramData\Mbed Studio\mbed-studio-tools\ac6\bin\..\lib\armlib\mc_w.l(init.o)
    0x00000880   0x00000002   Code   RO         2062    .text.$Sub$$__cpp_initialize__aeabi_  BUILD/K64F/ARM/mbed-os/platform/source/mbed_sdk_boot.o
    0x00000882   0x00000002   PAD
    0x00000884   0x0000008a   Code   RO         2068    .text.$Sub$$main    BUILD/K64F/ARM/mbed-os/platform/source/mbed_sdk_boot.o
    0x0000090e   0x00000032   Code   RO         2250    .text.$Sub$$printf  BUILD/K64F/ARM/mbed-os/platform/source/minimal-printf/mbed_printf_wrapper.o
    0x00000940   0x00000014   Code   RO         2260    .text.$Sub$$vsnprintf  BUILD/K64F/ARM/mbed-os/platform/source/minimal-printf/mbed_printf_wrapper.o
    0x00000954   0x00000064   Code   RO         2833    .text.BOARD_BootClockRUN  BUILD/K64F/ARM/mbed-os/targets/TARGET_Freescale/TARGET_MCUXpresso_MCUS/TARGET_MCU_K64F/TARGET_FRDM/fsl_clock_config.o
    0x000009b8   0x00000040   Code   RO         3503    .text.CAN0_DriverIRQHandler  BUILD/K64F/ARM/mbed-os/targets/TARGET_Freescale/TARGET_MCUXpresso_MCUS/TARGET_MCU_K64F/drivers/fsl_flexcan.o
    0x000009f8   0x0000006a   Code   RO         2991    .text.CLOCK_BootToPeeMode  BUILD/K64F/ARM/mbed-os/targets/TARGET_Freescale/TARGET_MCUXpresso_MCUS/TARGET_MCU_K64F/drivers/fsl_clock.o
    0x00000a62   0x00000002   PAD
    0x00000a64   0x00000050   Code   RO         2943    .text.CLOCK_EnablePll0  BUILD/K64F/ARM/mbed-os/targets/TARGET_Freescale/TARGET_MCUXpresso_MCUS/TARGET_MCU_K64F/drivers/fsl_clock.o
    0x00000ab4   0x0000005e   Code   RO         2903    .text.CLOCK_GetEr32kClkFreq  BUILD/K64F/ARM/mbed-os/targets/TARGET_Freescale/TARGET_MCUXpresso_MCUS/TARGET_MCU_K64F/drivers/fsl_clock.o
    0x00000b12   0x0000001a   Code   RO         2925    .text.CLOCK_GetFixedFreqClkFreq  BUILD/K64F/ARM/mbed-os/targets/TARGET_Freescale/TARGET_MCUXpresso_MCUS/TARGET_MCU_K64F/drivers/fsl_clock.o
    0x00000b2c   0x00000050   Code   RO         2907    .text.CLOCK_GetFllFreq  BUILD/K64F/ARM/mbed-os/targets/TARGET_Freescale/TARGET_MCUXpresso_MCUS/TARGET_MCU_K64F/drivers/fsl_clock.o
    0x00000b7c   0x0000007a   Code   RO         2935    .text.CLOCK_GetFllRefClkFreq  BUILD/K64F/ARM/mbed-os/targets/TARGET_Freescale/TARGET_MCUXpresso_MCUS/TARGET_MCU_K64F/drivers/fsl_clock.o
    0x00000bf6   0x00000002   PAD
    0x00000bf8   0x000000f0   Code   RO         2923    .text.CLOCK_GetFreq  BUILD/K64F/ARM/mbed-os/targets/TARGET_Freescale/TARGET_MCUXpresso_MCUS/TARGET_MCU_K64F/drivers/fsl_clock.o
    0x00000ce8   0x0000006e   Code   RO         2933    .text.CLOCK_GetMcgExtClkFreq  BUILD/K64F/ARM/mbed-os/targets/TARGET_Freescale/TARGET_MCUXpresso_MCUS/TARGET_MCU_K64F/drivers/fsl_clock.o
    0x00000d56   0x0000003e   Code   RO         2901    .text.CLOCK_GetOsc0ErClkFreq  BUILD/K64F/ARM/mbed-os/targets/TARGET_Freescale/TARGET_MCUXpresso_MCUS/TARGET_MCU_K64F/drivers/fsl_clock.o
    0x00000d94   0x0000004a   Code   RO         2913    .text.CLOCK_GetOutClkFreq  BUILD/K64F/ARM/mbed-os/targets/TARGET_Freescale/TARGET_MCUXpresso_MCUS/TARGET_MCU_K64F/drivers/fsl_clock.o
    0x00000dde   0x00000002   PAD
    0x00000de0   0x00000050   Code   RO         2909    .text.CLOCK_GetPll0Freq  BUILD/K64F/ARM/mbed-os/targets/TARGET_Freescale/TARGET_MCUXpresso_MCUS/TARGET_MCU_K64F/drivers/fsl_clock.o
    0x00000e30   0x00000030   Code   RO         2905    .text.CLOCK_GetPllFllSelClkFreq  BUILD/K64F/ARM/mbed-os/targets/TARGET_Freescale/TARGET_MCUXpresso_MCUS/TARGET_MCU_K64F/drivers/fsl_clock.o
    0x00000e60   0x0000002a   Code   RO         2951    .text.CLOCK_GetStatusFlags  BUILD/K64F/ARM/mbed-os/targets/TARGET_Freescale/TARGET_MCUXpresso_MCUS/TARGET_MCU_K64F/drivers/fsl_clock.o
    0x00000e8a   0x00000002   PAD
    0x00000e8c   0x00000078   Code   RO         2955    .text.CLOCK_InitOsc0  BUILD/K64F/ARM/mbed-os/targets/TARGET_Freescale/TARGET_MCUXpresso_MCUS/TARGET_MCU_K64F/drivers/fsl_clock.o
    0x00000f04   0x00000082   Code   RO         2939    .text.CLOCK_SetInternalRefClkConfig  BUILD/K64F/ARM/mbed-os/targets/TARGET_Freescale/TARGET_MCUXpresso_MCUS/TARGET_MCU_K64F/drivers/fsl_clock.o
    0x00000f86   0x00000002   PAD
    0x00000f88   0x0000006a   Code   RO         2975    .text.CLOCK_SetPbeMode  BUILD/K64F/ARM/mbed-os/targets/TARGET_Freescale/TARGET_MCUXpresso_MCUS/TARGET_MCU_K64F/drivers/fsl_clock.o
    0x00000ff2   0x00000002   PAD
    0x00000ff4   0x0000001e   Code   RO         2977    .text.CLOCK_SetPeeMode  BUILD/K64F/ARM/mbed-os/targets/TARGET_Freescale/TARGET_MCUXpresso_MCUS/TARGET_MCU_K64F/drivers/fsl_clock.o
    0x00001012   0x0000002a   Code   RO         2929    .text.CLOCK_SetSimConfig  BUILD/K64F/ARM/mbed-os/targets/TARGET_Freescale/TARGET_MCUXpresso_MCUS/TARGET_MCU_K64F/drivers/fsl_clock.o
    0x0000103c   0x0000000e   Code   RO         3276    .text.DMA0_DriverIRQHandler  BUILD/K64F/ARM/mbed-os/targets/TARGET_Freescale/TARGET_MCUXpresso_MCUS/TARGET_MCU_K64F/drivers/fsl_edma.o
    0x0000104a   0x0000000e   Code   RO         3296    .text.DMA10_DriverIRQHandler  BUILD/K64F/ARM/mbed-os/targets/TARGET_Freescale/TARGET_MCUXpresso_MCUS/TARGET_MCU_K64F/drivers/fsl_edma.o
    0x00001058   0x0000000e   Code   RO         3298    .text.DMA11_DriverIRQHandler  BUILD/K64F/ARM/mbed-os/targets/TARGET_Freescale/TARGET_MCUXpresso_MCUS/TARGET_MCU_K64F/drivers/fsl_edma.o
    0x00001066   0x0000000e   Code   RO         3300    .text.DMA12_DriverIRQHandler  BUILD/K64F/ARM/mbed-os/targets/TARGET_Freescale/TARGET_MCUXpresso_MCUS/TARGET_MCU_K64F/drivers/fsl_edma.o
    0x00001074   0x0000000e   Code   RO         3302    .text.DMA13_DriverIRQHandler  BUILD/K64F/ARM/mbed-os/targets/TARGET_Freescale/TARGET_MCUXpresso_MCUS/TARGET_MCU_K64F/drivers/fsl_edma.o
    0x00001082   0x0000000e   Code   RO         3304    .text.DMA14_DriverIRQHandler  BUILD/K64F/ARM/mbed-os/targets/TARGET_Freescale/TARGET_MCUXpresso_MCUS/TARGET_MCU_K64F/drivers/fsl_edma.o
    0x00001090   0x0000000e   Code   RO         3306    .text.DMA15_DriverIRQHandler  BUILD/K64F/ARM/mbed-os/targets/TARGET_Freescale/TARGET_MCUXpresso_MCUS/TARGET_MCU_K64F/drivers/fsl_edma.o
    0x0000109e   0x0000000e   Code   RO         3278    .text.DMA1_DriverIRQHandler  BUILD/K64F/ARM/mbed-os/targets/TARGET_Freescale/TARGET_MCUXpresso_MCUS/TARGET_MCU_K64F/drivers/fsl_edma.o
    0x000010ac   0x0000000e   Code   RO         3280    .text.DMA2_DriverIRQHandler  BUILD/K64F/ARM/mbed-os/targets/TARGET_Freescale/TARGET_MCUXpresso_MCUS/TARGET_MCU_K64F/drivers/fsl_edma.o
    0x000010ba   0x0000000e   Code   RO         3282    .text.DMA3_DriverIRQHandler  BUILD/K64F/ARM/mbed-os/targets/TARGET_Freescale/TARGET_MCUXpresso_MCUS/TARGET_MCU_K64F/drivers/fsl_edma.o
    0x000010c8   0x0000000e   Code   RO         3284    .text.DMA4_DriverIRQHandler  BUILD/K64F/ARM/mbed-os/targets/TARGET_Freescale/TARGET_MCUXpresso_MCUS/TARGET_MCU_K64F/drivers/fsl_edma.o
    0x000010d6   0x0000000e   Code   RO         3286    .text.DMA5_DriverIRQHandler  BUILD/K64F/ARM/mbed-os/targets/TARGET_Freescale/TARGET_MCUXpresso_MCUS/TARGET_MCU_K64F/drivers/fsl_edma.o
    0x000010e4   0x0000000e   Code   RO         3288    .text.DMA6_DriverIRQHandler  BUILD/K64F/ARM/mbed-os/targets/TARGET_Freescale/TARGET_MCUXpresso_MCUS/TARGET_MCU_K64F/drivers/fsl_edma.o
    0x000010f2   0x0000000e   Code   RO         3290    .text.DMA7_DriverIRQHandler  BUILD/K64F/ARM/mbed-os/targets/TARGET_Freescale/TARGET_MCUXpresso_MCUS/TARGET_MCU_K64F/drivers/fsl_edma.o
    0x00001100   0x0000000e   Code   RO         3292    .text.DMA8_DriverIRQHandler  BUILD/K64F/ARM/mbed-os/targets/TARGET_Freescale/TARGET_MCUXpresso_MCUS/TARGET_MCU_K64F/drivers/fsl_edma.o
    0x0000110e   0x0000000e   Code   RO         3294    .text.DMA9_DriverIRQHandler  BUILD/K64F/ARM/mbed-os/targets/TARGET_Freescale/TARGET_MCUXpresso_MCUS/TARGET_MCU_K64F/drivers/fsl_edma.o
    0x0000111c   0x0000001a   Code   RO         3159    .text.DSPI_CommonIRQHandler  BUILD/K64F/ARM/mbed-os/targets/TARGET_Freescale/TARGET_MCUXpresso_MCUS/TARGET_MCU_K64F/drivers/fsl_dspi.o
    0x00001136   0x00000002   PAD
    0x00001138   0x0000003c   Code   RO         3099    .text.DSPI_GetDummyDataInstance  BUILD/K64F/ARM/mbed-os/targets/TARGET_Freescale/TARGET_MCUXpresso_MCUS/TARGET_MCU_K64F/drivers/fsl_dspi.o
    0x00001174   0x0000012c   Code   RO         3137    .text.DSPI_MasterTransferFillUpTxFifo  BUILD/K64F/ARM/mbed-os/targets/TARGET_Freescale/TARGET_MCUXpresso_MCUS/TARGET_MCU_K64F/drivers/fsl_dspi.o
    0x000012a0   0x000000fa   Code   RO         3135    .text.DSPI_MasterTransferHandleIRQ  BUILD/K64F/ARM/mbed-os/targets/TARGET_Freescale/TARGET_MCUXpresso_MCUS/TARGET_MCU_K64F/drivers/fsl_dspi.o
    0x0000139a   0x00000002   PAD
    0x0000139c   0x0000019a   Code   RO         3151    .text.DSPI_SlaveTransferHandleIRQ  BUILD/K64F/ARM/mbed-os/targets/TARGET_Freescale/TARGET_MCUXpresso_MCUS/TARGET_MCU_K64F/drivers/fsl_dspi.o
    0x00001536   0x000000b6   Code   RO         3258    .text.EDMA_HandleIRQ  BUILD/K64F/ARM/mbed-os/targets/TARGET_Freescale/TARGET_MCUXpresso_MCUS/TARGET_MCU_K64F/drivers/fsl_edma.o
    0x000015ec   0x0000005e   Code   RO         3350    .text.ENET_ErrorIRQHandler  BUILD/K64F/ARM/mbed-os/targets/TARGET_Freescale/TARGET_MCUXpresso_MCUS/TARGET_MCU_K64F/drivers/fsl_enet.o
    0x0000164a   0x00000014   Code   RO         3356    .text.ENET_Error_IRQHandler  BUILD/K64F/ARM/mbed-os/targets/TARGET_Freescale/TARGET_MCUXpresso_MCUS/TARGET_MCU_K64F/drivers/fsl_enet.o
    0x0000165e   0x00000002   PAD
    0x00001660   0x0000004c   Code   RO         3348    .text.ENET_ReceiveIRQHandler  BUILD/K64F/ARM/mbed-os/targets/TARGET_Freescale/TARGET_MCUXpresso_MCUS/TARGET_MCU_K64F/drivers/fsl_enet.o
    0x000016ac   0x00000014   Code   RO         3354    .text.ENET_Receive_IRQHandler  BUILD/K64F/ARM/mbed-os/targets/TARGET_Freescale/TARGET_MCUXpresso_MCUS/TARGET_MCU_K64F/drivers/fsl_enet.o
    0x000016c0   0x0000004c   Code   RO         3346    .text.ENET_TransmitIRQHandler  BUILD/K64F/ARM/mbed-os/targets/TARGET_Freescale/TARGET_MCUXpresso_MCUS/TARGET_MCU_K64F/drivers/fsl_enet.o
    0x0000170c   0x00000014   Code   RO         3352    .text.ENET_Transmit_IRQHandler  BUILD/K64F/ARM/mbed-os/targets/TARGET_Freescale/TARGET_MCUXpresso_MCUS/TARGET_MCU_K64F/drivers/fsl_enet.o
    0x00001720   0x00000060   Code   RO         3479    .text.FLEXCAN_ReadRxFifo  BUILD/K64F/ARM/mbed-os/targets/TARGET_Freescale/TARGET_MCUXpresso_MCUS/TARGET_MCU_K64F/drivers/fsl_flexcan.o
    0x00001780   0x000000ba   Code   RO         3477    .text.FLEXCAN_ReadRxMb  BUILD/K64F/ARM/mbed-os/targets/TARGET_Freescale/TARGET_MCUXpresso_MCUS/TARGET_MCU_K64F/drivers/fsl_flexcan.o
    0x0000183a   0x00000070   Code   RO         3469    .text.FLEXCAN_SetTxMbConfig  BUILD/K64F/ARM/mbed-os/targets/TARGET_Freescale/TARGET_MCUXpresso_MCUS/TARGET_MCU_K64F/drivers/fsl_flexcan.o
    0x000018aa   0x0000008e   Code   RO         3499    .text.FLEXCAN_TransferAbortReceive  BUILD/K64F/ARM/mbed-os/targets/TARGET_Freescale/TARGET_MCUXpresso_MCUS/TARGET_MCU_K64F/drivers/fsl_flexcan.o
    0x00001938   0x00000094   Code   RO         3497    .text.FLEXCAN_TransferAbortSend  BUILD/K64F/ARM/mbed-os/targets/TARGET_Freescale/TARGET_MCUXpresso_MCUS/TARGET_MCU_K64F/drivers/fsl_flexcan.o
    0x000019cc   0x0000014a   Code   RO         3489    .text.FLEXCAN_TransferHandleIRQ  BUILD/K64F/ARM/mbed-os/targets/TARGET_Freescale/TARGET_MCUXpresso_MCUS/TARGET_MCU_K64F/drivers/fsl_flexcan.o
    0x00001b16   0x00000016   Code   RO         3614    .text.I2C0_DriverIRQHandler  BUILD/K64F/ARM/mbed-os/targets/TARGET_Freescale/TARGET_MCUXpresso_MCUS/TARGET_MCU_K64F/drivers/fsl_i2c.o
    0x00001b2c   0x00000016   Code   RO         3618    .text.I2C1_DriverIRQHandler  BUILD/K64F/ARM/mbed-os/targets/TARGET_Freescale/TARGET_MCUXpresso_MCUS/TARGET_MCU_K64F/drivers/fsl_i2c.o
    0x00001b42   0x00000016   Code   RO         3620    .text.I2C2_DriverIRQHandler  BUILD/K64F/ARM/mbed-os/targets/TARGET_Freescale/TARGET_MCUXpresso_MCUS/TARGET_MCU_K64F/drivers/fsl_i2c.o
    0x00001b58   0x00000052   Code   RO         3574    .text.I2C_MasterRepeatedStart  BUILD/K64F/ARM/mbed-os/targets/TARGET_Freescale/TARGET_MCUXpresso_MCUS/TARGET_MCU_K64F/drivers/fsl_i2c.o
    0x00001baa   0x00000002   PAD
    0x00001bac   0x000001e6   Code   RO         3586    .text.I2C_MasterTransferHandleIRQ  BUILD/K64F/ARM/mbed-os/targets/TARGET_Freescale/TARGET_MCUXpresso_MCUS/TARGET_MCU_K64F/drivers/fsl_i2c.o
    0x00001d92   0x000001b0   Code   RO         3606    .text.I2C_SlaveTransferHandleIRQ  BUILD/K64F/ARM/mbed-os/targets/TARGET_Freescale/TARGET_MCUXpresso_MCUS/TARGET_MCU_K64F/drivers/fsl_i2c.o
    0x00001f42   0x00000020   Code   RO         3616    .text.I2C_TransferCommonIRQHandler  BUILD/K64F/ARM/mbed-os/targets/TARGET_Freescale/TARGET_MCUXpresso_MCUS/TARGET_MCU_K64F/drivers/fsl_i2c.o
    0x00001f62   0x00000002   PAD
    0x00001f64   0x00000040   Code   RO         3799    .text.I2S0_Rx_DriverIRQHandler  BUILD/K64F/ARM/mbed-os/targets/TARGET_Freescale/TARGET_MCUXpresso_MCUS/TARGET_MCU_K64F/drivers/fsl_sai.o
    0x00001fa4   0x00000040   Code   RO         3797    .text.I2S0_Tx_DriverIRQHandler  BUILD/K64F/ARM/mbed-os/targets/TARGET_Freescale/TARGET_MCUXpresso_MCUS/TARGET_MCU_K64F/drivers/fsl_sai.o
    0x00001fe4   0x00000026   Code   RO         3664    .text.LPTMR_GetDefaultConfig  BUILD/K64F/ARM/mbed-os/targets/TARGET_Freescale/TARGET_MCUXpresso_MCUS/TARGET_MCU_K64F/drivers/fsl_lptmr.o
    0x0000200a   0x00000002   PAD
    0x0000200c   0x0000009c   Code   RO         3660    .text.LPTMR_Init    BUILD/K64F/ARM/mbed-os/targets/TARGET_Freescale/TARGET_MCUXpresso_MCUS/TARGET_MCU_K64F/drivers/fsl_lptmr.o
    0x000020a8   0x00000010   Code   RO         2858    .text.NMI_Handler   BUILD/K64F/ARM/mbed-os/targets/TARGET_Freescale/TARGET_MCUXpresso_MCUS/TARGET_MCU_K64F/TARGET_FRDM/mbed_overrides.o
    0x000020b8   0x00000078   Code   RO         3680    .text.PIT_Init      BUILD/K64F/ARM/mbed-os/targets/TARGET_Freescale/TARGET_MCUXpresso_MCUS/TARGET_MCU_K64F/drivers/fsl_pit.o
    0x00002130   0x00000024   Code   RO         3716    .text.RTC_GetDefaultConfig  BUILD/K64F/ARM/mbed-os/targets/TARGET_Freescale/TARGET_MCUXpresso_MCUS/TARGET_MCU_K64F/drivers/fsl_rtc.o
    0x00002154   0x00000082   Code   RO         3714    .text.RTC_Init      BUILD/K64F/ARM/mbed-os/targets/TARGET_Freescale/TARGET_MCUXpresso_MCUS/TARGET_MCU_K64F/drivers/fsl_rtc.o
    0x000021d6   0x00000002   PAD
    0x000021d8   0x00000042   Code   RO         3771    .text.SAI_ReadNonBlocking  BUILD/K64F/ARM/mbed-os/targets/TARGET_Freescale/TARGET_MCUXpresso_MCUS/TARGET_MCU_K64F/drivers/fsl_sai.o
    0x0000221a   0x0000013e   Code   RO         3779    .text.SAI_TransferRxHandleIRQ  BUILD/K64F/ARM/mbed-os/targets/TARGET_Freescale/TARGET_MCUXpresso_MCUS/TARGET_MCU_K64F/drivers/fsl_sai.o
    0x00002358   0x00000132   Code   RO         3775    .text.SAI_TransferTxHandleIRQ  BUILD/K64F/ARM/mbed-os/targets/TARGET_Freescale/TARGET_MCUXpresso_MCUS/TARGET_MCU_K64F/drivers/fsl_sai.o
    0x0000248a   0x00000002   PAD
    0x0000248c   0x0000004a   Code   RO         3767    .text.SAI_WriteNonBlocking  BUILD/K64F/ARM/mbed-os/targets/TARGET_Freescale/TARGET_MCUXpresso_MCUS/TARGET_MCU_K64F/drivers/fsl_sai.o
    0x000024d6   0x00000002   PAD
    0x000024d8   0x0000003c   Code   RO         3865    .text.SDHC_DriverIRQHandler  BUILD/K64F/ARM/mbed-os/targets/TARGET_Freescale/TARGET_MCUXpresso_MCUS/TARGET_MCU_K64F/drivers/fsl_sdhc.o
    0x00002514   0x00000058   Code   RO         3869    .text.SDHC_ReadDataPort  BUILD/K64F/ARM/mbed-os/targets/TARGET_Freescale/TARGET_MCUXpresso_MCUS/TARGET_MCU_K64F/drivers/fsl_sdhc.o
    0x0000256c   0x0000004a   Code   RO         3867    .text.SDHC_ReceiveCommandResponse  BUILD/K64F/ARM/mbed-os/targets/TARGET_Freescale/TARGET_MCUXpresso_MCUS/TARGET_MCU_K64F/drivers/fsl_sdhc.o
    0x000025b6   0x00000002   PAD
    0x000025b8   0x0000014c   Code   RO         3861    .text.SDHC_TransferHandleIRQ  BUILD/K64F/ARM/mbed-os/targets/TARGET_Freescale/TARGET_MCUXpresso_MCUS/TARGET_MCU_K64F/drivers/fsl_sdhc.o
    0x00002704   0x00000058   Code   RO         3871    .text.SDHC_WriteDataPort  BUILD/K64F/ARM/mbed-os/targets/TARGET_Freescale/TARGET_MCUXpresso_MCUS/TARGET_MCU_K64F/drivers/fsl_sdhc.o
    0x0000275c   0x00000014   Code   RO         3885    .text.SMC_PostExitStopModes  BUILD/K64F/ARM/mbed-os/targets/TARGET_Freescale/TARGET_MCUXpresso_MCUS/TARGET_MCU_K64F/drivers/fsl_smc.o
    0x00002770   0x00000016   Code   RO         3883    .text.SMC_PreEnterStopModes  BUILD/K64F/ARM/mbed-os/targets/TARGET_Freescale/TARGET_MCUXpresso_MCUS/TARGET_MCU_K64F/drivers/fsl_smc.o
    0x00002786   0x0000003a   Code   RO         3901    .text.SMC_SetPowerModeVlps  BUILD/K64F/ARM/mbed-os/targets/TARGET_Freescale/TARGET_MCUXpresso_MCUS/TARGET_MCU_K64F/drivers/fsl_smc.o
    0x000027c0   0x0000001e   Code   RO         3893    .text.SMC_SetPowerModeWait  BUILD/K64F/ARM/mbed-os/targets/TARGET_Freescale/TARGET_MCUXpresso_MCUS/TARGET_MCU_K64F/drivers/fsl_smc.o
    0x000027de   0x00000002   PAD
    0x000027e0   0x00000044   Code   RO         3157    .text.SPI0_DriverIRQHandler  BUILD/K64F/ARM/mbed-os/targets/TARGET_Freescale/TARGET_MCUXpresso_MCUS/TARGET_MCU_K64F/drivers/fsl_dspi.o
    0x00002824   0x00000044   Code   RO         3161    .text.SPI1_DriverIRQHandler  BUILD/K64F/ARM/mbed-os/targets/TARGET_Freescale/TARGET_MCUXpresso_MCUS/TARGET_MCU_K64F/drivers/fsl_dspi.o
    0x00002868   0x00000044   Code   RO         3163    .text.SPI2_DriverIRQHandler  BUILD/K64F/ARM/mbed-os/targets/TARGET_Freescale/TARGET_MCUXpresso_MCUS/TARGET_MCU_K64F/drivers/fsl_dspi.o
    0x000028ac   0x0000002c   Code   RO         2868    .text.SystemInit    BUILD/K64F/ARM/mbed-os/targets/TARGET_Freescale/TARGET_MCUXpresso_MCUS/TARGET_MCU_K64F/device/system_MK64F12.o
    0x000028d8   0x00000016   Code   RO         3983    .text.UART0_RX_TX_DriverIRQHandler  BUILD/K64F/ARM/mbed-os/targets/TARGET_Freescale/TARGET_MCUXpresso_MCUS/TARGET_MCU_K64F/drivers/fsl_uart.o
    0x000028ee   0x00000016   Code   RO         3987    .text.UART1_RX_TX_DriverIRQHandler  BUILD/K64F/ARM/mbed-os/targets/TARGET_Freescale/TARGET_MCUXpresso_MCUS/TARGET_MCU_K64F/drivers/fsl_uart.o
    0x00002904   0x00000016   Code   RO         3991    .text.UART2_RX_TX_DriverIRQHandler  BUILD/K64F/ARM/mbed-os/targets/TARGET_Freescale/TARGET_MCUXpresso_MCUS/TARGET_MCU_K64F/drivers/fsl_uart.o
    0x0000291a   0x00000016   Code   RO         3995    .text.UART3_RX_TX_DriverIRQHandler  BUILD/K64F/ARM/mbed-os/targets/TARGET_Freescale/TARGET_MCUXpresso_MCUS/TARGET_MCU_K64F/drivers/fsl_uart.o
    0x00002930   0x00000016   Code   RO         3999    .text.UART4_RX_TX_DriverIRQHandler  BUILD/K64F/ARM/mbed-os/targets/TARGET_Freescale/TARGET_MCUXpresso_MCUS/TARGET_MCU_K64F/drivers/fsl_uart.o
    0x00002946   0x00000016   Code   RO         4003    .text.UART5_RX_TX_DriverIRQHandler  BUILD/K64F/ARM/mbed-os/targets/TARGET_Freescale/TARGET_MCUXpresso_MCUS/TARGET_MCU_K64F/drivers/fsl_uart.o
    0x0000295c   0x0000004a   Code   RO         3951    .text.UART_ClearStatusFlags  BUILD/K64F/ARM/mbed-os/targets/TARGET_Freescale/TARGET_MCUXpresso_MCUS/TARGET_MCU_K64F/drivers/fsl_uart.o
    0x000029a6   0x0000002c   Code   RO         3939    .text.UART_GetDefaultConfig  BUILD/K64F/ARM/mbed-os/targets/TARGET_Freescale/TARGET_MCUXpresso_MCUS/TARGET_MCU_K64F/drivers/fsl_uart.o
    0x000029d2   0x00000016   Code   RO         3949    .text.UART_GetStatusFlags  BUILD/K64F/ARM/mbed-os/targets/TARGET_Freescale/TARGET_MCUXpresso_MCUS/TARGET_MCU_K64F/drivers/fsl_uart.o
    0x000029e8   0x0000030c   Code   RO         3935    .text.UART_Init     BUILD/K64F/ARM/mbed-os/targets/TARGET_Freescale/TARGET_MCUXpresso_MCUS/TARGET_MCU_K64F/drivers/fsl_uart.o
    0x00002cf4   0x000000a0   Code   RO         3941    .text.UART_SetBaudRate  BUILD/K64F/ARM/mbed-os/targets/TARGET_Freescale/TARGET_MCUXpresso_MCUS/TARGET_MCU_K64F/drivers/fsl_uart.o
    0x00002d94   0x00000326   Code   RO         3959    .text.UART_TransferHandleIRQ  BUILD/K64F/ARM/mbed-os/targets/TARGET_Freescale/TARGET_MCUXpresso_MCUS/TARGET_MCU_K64F/drivers/fsl_uart.o
    0x000030ba   0x0000003e   Code   RO         3977    .text.UART_TransferIsRxRingBufferFull  BUILD/K64F/ARM/mbed-os/targets/TARGET_Freescale/TARGET_MCUXpresso_MCUS/TARGET_MCU_K64F/drivers/fsl_uart.o
    0x000030f8   0x0000004c   Code   RO         1859    .text._ZL18reserve_filehandlev  BUILD/K64F/ARM/mbed-os/platform/source/mbed_retarget.o
    0x00003144   0x0000001c   Code   RO         1843    .text._ZN12DirectSerial4readEPvj  BUILD/K64F/ARM/mbed-os/platform/source/mbed_retarget.o
    0x00003160   0x0000000a   Code   RO         2016    .text._ZN12DirectSerial4seekEli  BUILD/K64F/ARM/mbed-os/platform/source/mbed_retarget.o
    0x0000316a   0x00000006   Code   RO         2022    .text._ZN12DirectSerial4sizeEv  BUILD/K64F/ARM/mbed-os/platform/source/mbed_retarget.o
    0x00003170   0x00000004   Code   RO         2018    .text._ZN12DirectSerial5closeEv  BUILD/K64F/ARM/mbed-os/platform/source/mbed_retarget.o
    0x00003174   0x00000028   Code   RO         1841    .text._ZN12DirectSerial5writeEPKvj  BUILD/K64F/ARM/mbed-os/platform/source/mbed_retarget.o
    0x0000319c   0x00000004   Code   RO         2020    .text._ZN12DirectSerial6isattyEv  BUILD/K64F/ARM/mbed-os/platform/source/mbed_retarget.o
    0x000031a0   0x0000003a   Code   RO         1839    .text._ZN12DirectSerialC2ERK15serial_pinmap_ti  BUILD/K64F/ARM/mbed-os/platform/source/mbed_retarget.o
    0x000031da   0x00000004   Code   RO         2014    .text._ZN12DirectSerialD0Ev  BUILD/K64F/ARM/mbed-os/platform/source/mbed_retarget.o
    0x000031de   0x00000006   Code   RO         1316    .text._ZN4mbed10FileHandle12enable_inputEb  BUILD/K64F/ARM/mbed-os/platform/source/FileHandle.o
    0x000031e4   0x00000010   Code   RO          787    .text._ZN4mbed10FileHandle12set_blockingEb  BUILD/K64F/ARM/mbed-os/drivers/source/UnbufferedSerial.o
    0x000031f4   0x00000006   Code   RO         1318    .text._ZN4mbed10FileHandle13enable_outputEb  BUILD/K64F/ARM/mbed-os/platform/source/FileHandle.o
    0x000031fa   0x00000004   Code   RO          781    .text._ZN4mbed10FileHandle4syncEv  BUILD/K64F/ARM/mbed-os/drivers/source/UnbufferedSerial.o
    0x000031fe   0x0000000a   Code   RO          158    .text._ZN4mbed10FileHandle4tellEv  BUILD/K64F/ARM/mbed-os/drivers/source/BufferedSerial.o
    0x00003208   0x00000002   Code   RO          791    .text._ZN4mbed10FileHandle5sigioENS_8CallbackIFvvEEE  BUILD/K64F/ARM/mbed-os/drivers/source/UnbufferedSerial.o
    0x0000320a   0x0000000a   Code   RO          160    .text._ZN4mbed10FileHandle6rewindEv  BUILD/K64F/ARM/mbed-os/drivers/source/BufferedSerial.o
    0x00003214   0x00000006   Code   RO          162    .text._ZN4mbed10FileHandle8truncateEl  BUILD/K64F/ARM/mbed-os/drivers/source/BufferedSerial.o
    0x0000321a   0x00000002   Code   RO         1310    .text._ZN4mbed10FileHandleD2Ev  BUILD/K64F/ARM/mbed-os/platform/source/FileHandle.o
    0x0000321c   0x00000018   Code   RO          726    .text._ZN4mbed10TimerEvent15insert_absoluteENSt3__26chrono10time_pointINS_15TickerDataClockENS2_8durationIxNS1_5ratioILx1ELx1000000EEEEEEE  BUILD/K64F/ARM/mbed-os/drivers/source/TimerEvent.o
    0x00003234   0x00000006   Code   RO          716    .text._ZN4mbed10TimerEvent3irqEj  BUILD/K64F/ARM/mbed-os/drivers/source/TimerEvent.o
    0x0000323a   0x0000000c   Code   RO          720    .text._ZN4mbed10TimerEvent6removeEv  BUILD/K64F/ARM/mbed-os/drivers/source/TimerEvent.o
    0x00003246   0x00000030   Code   RO          714    .text._ZN4mbed10TimerEventC2EPK13ticker_data_t  BUILD/K64F/ARM/mbed-os/drivers/source/TimerEvent.o
    0x00003276   0x0000008e   Code   RO         1855    .text._ZN4mbed16mbed_file_handleEi  BUILD/K64F/ARM/mbed-os/platform/source/mbed_retarget.o
    0x00003304   0x0000000c   Code   RO         1264    .text._ZN4mbed19CriticalSectionLockC2Ev  BUILD/K64F/ARM/mbed-os/platform/source/CriticalSectionLock.o
    0x00003310   0x0000000c   Code   RO         1266    .text._ZN4mbed19CriticalSectionLockD2Ev  BUILD/K64F/ARM/mbed-os/platform/source/CriticalSectionLock.o
    0x0000331c   0x0000003a   Code   RO          393    .text._ZN4mbed4impl7MbedCRCILj79764919ELh32ELNS_7CrcModeE2EE7computeEPKvjPj  BUILD/K64F/ARM/mbed-os/drivers/source/MbedCRC.o
    0x00003356   0x00000002   PAD
    0x00003358   0x00000094   Code   RO         1294    .text._ZN4mbed8FileBase6lookupEPKcj  BUILD/K64F/ARM/mbed-os/platform/source/FileBase.o
    0x000033ec   0x0000001e   Code   RO         1329    .text._ZN4mbed8FilePath10fileSystemEv  BUILD/K64F/ARM/mbed-os/platform/source/FilePath.o
    0x0000340a   0x0000001c   Code   RO         1333    .text._ZN4mbed8FilePath4fileEv  BUILD/K64F/ARM/mbed-os/platform/source/FilePath.o
    0x00003426   0x0000000a   Code   RO         1335    .text._ZN4mbed8FilePath6existsEv  BUILD/K64F/ARM/mbed-os/platform/source/FilePath.o
    0x00003430   0x00000016   Code   RO         1331    .text._ZN4mbed8FilePath6isFileEv  BUILD/K64F/ARM/mbed-os/platform/source/FilePath.o
    0x00003446   0x00000002   PAD
    0x00003448   0x00000084   Code   RO         1323    .text._ZN4mbed8FilePathC2EPKc  BUILD/K64F/ARM/mbed-os/platform/source/FilePath.o
    0x000034cc   0x00000026   Code   RO         1794    .text._ZN4mbed8internal13init_os_timerEv  BUILD/K64F/ARM/mbed-os/platform/source/mbed_os_timer.o
    0x000034f2   0x00000002   PAD
    0x000034f4   0x00000080   Code   RO         1805    .text._ZN4mbed8internal18do_sleep_operationINS0_18timed_predicate_opEEEvRT_  BUILD/K64F/ARM/mbed-os/platform/source/mbed_os_timer.o
    0x00003574   0x00000062   Code   RO         1800    .text._ZN4mbed8internal34do_timed_sleep_relative_or_foreverENSt3__26chrono8durationIjNS1_5ratioILx1ELx1000EEEEEPFbPvES7_  BUILD/K64F/ARM/mbed-os/platform/source/mbed_os_timer.o
    0x000035d6   0x00000042   Code   RO         1420    .text._ZN4mbed8internal8SysTimerINSt3__25ratioILx1ELx1000EEELb1EE11cancel_wakeEv  BUILD/K64F/ARM/mbed-os/platform/source/SysTimer.o
    0x00003618   0x0000009a   Code   RO         1424    .text._ZN4mbed8internal8SysTimerINSt3__25ratioILx1ELx1000EEELb1EE13set_wake_timeENS2_6chrono10time_pointIS5_NS6_8durationIyS4_EEEE  BUILD/K64F/ARM/mbed-os/platform/source/SysTimer.o
    0x000036b2   0x00000070   Code   RO         1426    .text._ZN4mbed8internal8SysTimerINSt3__25ratioILx1ELx1000EEELb1EE19update_and_get_tickEv  BUILD/K64F/ARM/mbed-os/platform/source/SysTimer.o
    0x00003722   0x00000062   Code   RO         1454    .text._ZN4mbed8internal8SysTimerINSt3__25ratioILx1ELx1000EEELb1EE7handlerEv  BUILD/K64F/ARM/mbed-os/platform/source/SysTimer.o
    0x00003784   0x00000032   Code   RO         1414    .text._ZN4mbed8internal8SysTimerINSt3__25ratioILx1ELx1000EEELb1EEC2EPK13ticker_data_t  BUILD/K64F/ARM/mbed-os/platform/source/SysTimer.o
    0x000037b6   0x00000002   PAD
    0x000037b8   0x00000016   Code   RO         2276    .text._ZN4rtos10EventFlags3setEj  BUILD/K64F/ARM/mbed-os/rtos/source/EventFlags.o
    0x000037ce   0x00000048   Code   RO         2292    .text._ZN4rtos10EventFlags8wait_anyEjjb  BUILD/K64F/ARM/mbed-os/rtos/source/EventFlags.o
    0x00003816   0x00000002   Code   RO         2298    .text._ZN4rtos10EventFlagsD2Ev  BUILD/K64F/ARM/mbed-os/rtos/source/EventFlags.o
    0x00003818   0x00000004   Code   RO         2304    .text._ZN4rtos6Kernel4impl14get_tick_countEv  BUILD/K64F/ARM/mbed-os/rtos/source/Kernel.o
    0x0000381c   0x00000050   Code   RO         2342    .text._ZN4rtos8internal20non_rtos_check_flagsEPv  BUILD/K64F/ARM/mbed-os/rtos/source/ThisThread.o
    0x0000386c   0x00000050   Code   RO           21    .text._ZN6events10EventQueue10call_everyINS0_7contextIPFiPKczEJS4_EEEEEiNSt3__26chrono8durationIiNS8_5ratioILx1ELx1000EEEEET_  BUILD/K64F/ARM/main.o
    0x000038bc   0x00000008   Code   RO           17    .text._ZN6events10EventQueue13function_callINS0_7contextIPFiPKczEJS4_EEEEEvPv  BUILD/K64F/ARM/main.o
    0x000038c4   0x00000002   Code   RO           15    .text._ZN6events10EventQueue13function_dtorINS0_7contextIPFiPKczEJS4_EEEEEvPv  BUILD/K64F/ARM/main.o
    0x000038c6   0x00000008   Code   RO          823    .text._ZN6events10EventQueue16dispatch_foreverEv  BUILD/K64F/ARM/mbed-os/events/source/EventQueue.o
    0x000038ce   0x00000040   Code   RO           13    .text._ZN6events10EventQueue4callINS0_7contextIPFiPKczEJS4_EEEEEiT_  BUILD/K64F/ARM/main.o
    0x0000390e   0x00000048   Code   RO           19    .text._ZN6events10EventQueue7call_inINS0_7contextIPFiPKczEJS4_EEEEEiNSt3__26chrono8durationIiNS8_5ratioILx1ELx1000EEEEET_  BUILD/K64F/ARM/main.o
    0x00003956   0x00000020   Code   RO          815    .text._ZN6events10EventQueueC2EjPh  BUILD/K64F/ARM/mbed-os/events/source/EventQueue.o
    0x00003976   0x0000000c   Code   RO          817    .text._ZN6events10EventQueueD2Ev  BUILD/K64F/ARM/mbed-os/events/source/EventQueue.o
    0x00003982   0x0000003a   Code   RO         1845    .text._ZNK12DirectSerial4pollEs  BUILD/K64F/ARM/mbed-os/platform/source/mbed_retarget.o
    0x000039bc   0x00000080   Code   RO           49    .text._ZNK12SingletonPtrIN4rtos5MutexEE3getEv  BUILD/K64F/ARM/mbed-os/drivers/source/AnalogIn.o
    0x00003a3c   0x00000004   Code   RO          789    .text._ZNK4mbed10FileHandle11is_blockingEv  BUILD/K64F/ARM/mbed-os/drivers/source/UnbufferedSerial.o
    0x00003a40   0x0000007a   Code   RO          395    .text._ZNK4mbed4impl7MbedCRCILj79764919ELh32ELNS_7CrcModeE2EE18do_compute_partialILS2_2EEENSt3__29enable_ifIXeqT_LS2_2EEiE4typeEPKhjPj  BUILD/K64F/ARM/mbed-os/drivers/source/MbedCRC.o
    0x00003aba   0x0000005a   Code   RO         1448    .text._ZNK4mbed8internal8SysTimerINSt3__25ratioILx1ELx1000EEELb1EE14_elapsed_ticksEv  BUILD/K64F/ARM/mbed-os/platform/source/SysTimer.o
    0x00003b14   0x00000012   Code   RO         1452    .text._ZNK4mbed8internal8SysTimerINSt3__25ratioILx1ELx1000EEELb1EE8get_timeEv  BUILD/K64F/ARM/mbed-os/platform/source/SysTimer.o
    0x00003b26   0x00000002   PAD
    0x00003b28   0x00000024   Code   RO         1741    .text.__NVIC_SystemReset  BUILD/K64F/ARM/mbed-os/platform/source/mbed_error.o
    0x00003b4c   0x00000004   Code   RO         1953    .text.__aeabi_assert  BUILD/K64F/ARM/mbed-os/platform/source/mbed_retarget.o
    0x00003b50   0x0000005c   Code   RO         1971    .text.__cxa_guard_acquire  BUILD/K64F/ARM/mbed-os/platform/source/mbed_retarget.o
    0x00003bac   0x00000032   Code   RO         1973    .text.__cxa_guard_release  BUILD/K64F/ARM/mbed-os/platform/source/mbed_retarget.o
    0x00003bde   0x00000002   PAD
    0x00003be0   0x00000028   Code   RO         4653    .text.__cxa_pure_virtual  c:\ProgramData\Mbed Studio\mbed-studio-tools\ac6\bin\..\lib\libcxx\libcppabi_w.l(cxa_virtual.cpp.o)
    0x00003c08   0x00000004   Code   RO         1905    .text.__user_setup_stackheap  BUILD/K64F/ARM/mbed-os/platform/source/mbed_retarget.o
    0x00003c0c   0x00000032   Code   RO         1903    .text._mbed_user_setup_stackheap  BUILD/K64F/ARM/mbed-os/platform/source/mbed_retarget.o
    0x00003c3e   0x00000002   PAD
    0x00003c40   0x00000060   Code   RO         1869    .text._sys_open     BUILD/K64F/ARM/mbed-os/platform/source/mbed_retarget.o
    0x00003ca0   0x00000006   Code   RO         1891    .text._sys_seek     BUILD/K64F/ARM/mbed-os/platform/source/mbed_retarget.o
    0x00003ca6   0x00000002   PAD
    0x00003ca8   0x000000cc   Code   RO         1877    .text._sys_write    BUILD/K64F/ARM/mbed-os/platform/source/mbed_retarget.o
    0x00003d74   0x0000001e   Code   RO         2103    .text._wait_us_generic  BUILD/K64F/ARM/mbed-os/platform/source/mbed_wait_api_no_rtos.o
    0x00003d92   0x00000002   PAD
    0x00003d94   0x00000016   Code   RO         2101    .text._wait_us_ticks  BUILD/K64F/ARM/mbed-os/platform/source/mbed_wait_api_no_rtos.o
    0x00003daa   0x00000004   Code   RO         4837    .text.abort_message  c:\ProgramData\Mbed Studio\mbed-studio-tools\ac6\bin\..\lib\libcxx\libcppabi_w.l(abort_message.cpp.o)
    0x00003dae   0x0000000c   Code   RO         1684    .text.core_util_are_interrupts_enabled  BUILD/K64F/ARM/mbed-os/platform/source/mbed_critical.o
    0x00003dba   0x00000016   Code   RO         1639    .text.core_util_atomic_load_u64  BUILD/K64F/ARM/mbed-os/platform/source/mbed_atomic_impl.o
    0x00003dd0   0x00000088   Code   RO         1690    .text.core_util_critical_section_enter  BUILD/K64F/ARM/mbed-os/platform/source/mbed_critical.o
    0x00003e58   0x00000018   Code   RO         1692    .text.core_util_critical_section_exit  BUILD/K64F/ARM/mbed-os/platform/source/mbed_critical.o
    0x00003e70   0x0000000c   Code   RO         1686    .text.core_util_is_isr_active  BUILD/K64F/ARM/mbed-os/platform/source/mbed_critical.o
    0x00003e7c   0x00000082   Code   RO          849    .text.equeue_alloc  BUILD/K64F/ARM/mbed-os/events/source/equeue.o
    0x00003efe   0x00000024   Code   RO          843    .text.equeue_create  BUILD/K64F/ARM/mbed-os/events/source/equeue.o
    0x00003f22   0x00000072   Code   RO          845    .text.equeue_create_inplace  BUILD/K64F/ARM/mbed-os/events/source/equeue.o
    0x00003f94   0x00000086   Code   RO          851    .text.equeue_dealloc  BUILD/K64F/ARM/mbed-os/events/source/equeue.o
    0x0000401a   0x00000002   PAD
    0x0000401c   0x00000058   Code   RO          847    .text.equeue_destroy  BUILD/K64F/ARM/mbed-os/events/source/equeue.o
    0x00004074   0x000001aa   Code   RO          871    .text.equeue_dispatch  BUILD/K64F/ARM/mbed-os/events/source/equeue.o
    0x0000421e   0x00000002   PAD
    0x00004220   0x000000b4   Code   RO          853    .text.equeue_enqueue  BUILD/K64F/ARM/mbed-os/events/source/equeue.o
    0x000042d4   0x00000004   Code   RO          905    .text.equeue_mutex_lock  BUILD/K64F/ARM/mbed-os/events/source/equeue_mbed.o
    0x000042d8   0x00000004   Code   RO          907    .text.equeue_mutex_unlock  BUILD/K64F/ARM/mbed-os/events/source/equeue_mbed.o
    0x000042dc   0x00000048   Code   RO          855    .text.equeue_post   BUILD/K64F/ARM/mbed-os/events/source/equeue.o
    0x00004324   0x00000014   Code   RO          909    .text.equeue_sema_create  BUILD/K64F/ARM/mbed-os/events/source/equeue_mbed.o
    0x00004338   0x00000004   Code   RO          911    .text.equeue_sema_destroy  BUILD/K64F/ARM/mbed-os/events/source/equeue_mbed.o
    0x0000433c   0x00000006   Code   RO          913    .text.equeue_sema_signal  BUILD/K64F/ARM/mbed-os/events/source/equeue_mbed.o
    0x00004342   0x00000018   Code   RO          915    .text.equeue_sema_wait  BUILD/K64F/ARM/mbed-os/events/source/equeue_mbed.o
    0x0000435a   0x00000032   Code   RO          899    .text.equeue_tick   BUILD/K64F/ARM/mbed-os/events/source/equeue_mbed.o
    0x0000438c   0x00000004   Code   RO          897    .text.equeue_tick_init  BUILD/K64F/ARM/mbed-os/events/source/equeue_mbed.o
    0x00004390   0x0000002e   Code   RO         1945    .text.exit          BUILD/K64F/ARM/mbed-os/platform/source/mbed_retarget.o
    0x000043be   0x0000002c   Code   RO         1899    .text.fsync         BUILD/K64F/ARM/mbed-os/platform/source/mbed_retarget.o
    0x000043ea   0x0000000a   Code   RO         1024    .text.get_lp_ticker_data  BUILD/K64F/ARM/mbed-os/hal/source/mbed_lp_ticker_api.o
    0x000043f4   0x00000016   Code   RO         2089    .text.get_ms_count  BUILD/K64F/ARM/mbed-os/platform/source/mbed_thread.o
    0x0000440a   0x0000000a   Code   RO         1115    .text.get_us_ticker_data  BUILD/K64F/ARM/mbed-os/hal/source/mbed_us_ticker_api.o
    0x00004414   0x00000050   Code   RO         4370    .text.gpio_dir      BUILD/K64F/ARM/mbed-os/targets/TARGET_Freescale/TARGET_MCUXpresso_MCUS/api/gpio_api.o
    0x00004464   0x00000010   Code   RO         4366    .text.gpio_init     BUILD/K64F/ARM/mbed-os/targets/TARGET_Freescale/TARGET_MCUXpresso_MCUS/api/gpio_api.o
    0x00004474   0x00000006   Code   RO         1002    .text.gpio_init_in  BUILD/K64F/ARM/mbed-os/hal/source/mbed_gpio.o
    0x0000447a   0x00000026   Code   RO         1004    .text.gpio_init_in_ex  BUILD/K64F/ARM/mbed-os/hal/source/mbed_gpio.o
    0x000044a0   0x00000006   Code   RO         1006    .text.gpio_init_out  BUILD/K64F/ARM/mbed-os/hal/source/mbed_gpio.o
    0x000044a6   0x0000002e   Code   RO         1008    .text.gpio_init_out_ex  BUILD/K64F/ARM/mbed-os/hal/source/mbed_gpio.o
    0x000044d4   0x00000006   Code   RO         4368    .text.gpio_mode     BUILD/K64F/ARM/mbed-os/targets/TARGET_Freescale/TARGET_MCUXpresso_MCUS/api/gpio_api.o
    0x000044da   0x00000046   Code   RO         4372    .text.gpio_write    BUILD/K64F/ARM/mbed-os/targets/TARGET_Freescale/TARGET_MCUXpresso_MCUS/api/gpio_api.o
    0x00004520   0x00000026   Code   RO          988    .text.hal_critical_section_enter  BUILD/K64F/ARM/mbed-os/hal/source/mbed_critical_section_api.o
    0x00004546   0x00000002   PAD
    0x00004548   0x00000084   Code   RO          990    .text.hal_critical_section_exit  BUILD/K64F/ARM/mbed-os/hal/source/mbed_critical_section_api.o
    0x000045cc   0x0000003a   Code   RO         4513    .text.hal_deepsleep  BUILD/K64F/ARM/mbed-os/targets/TARGET_Freescale/TARGET_MCUXpresso_MCUS/api/sleep.o
    0x00004606   0x00000010   Code   RO         4511    .text.hal_sleep     BUILD/K64F/ARM/mbed-os/targets/TARGET_Freescale/TARGET_MCUXpresso_MCUS/api/sleep.o
    0x00004616   0x000000f8   Code   RO         1699    .text.handle_error  BUILD/K64F/ARM/mbed-os/platform/source/mbed_error.o
    0x0000470e   0x00000002   PAD
    0x00004710   0x0000017c   Code   RO         1085    .text.initialize    BUILD/K64F/ARM/mbed-os/hal/source/mbed_ticker_api.o
    0x0000488c   0x0000006c   Code   RO         1095    .text.insert_event  BUILD/K64F/ARM/mbed-os/hal/source/mbed_ticker_api.o
    0x000048f8   0x00000028   Code   RO         1863    .text.isatty        BUILD/K64F/ARM/mbed-os/platform/source/mbed_retarget.o
    0x00004920   0x00000010   Code   RO         4466    .text.lp_ticker_clear_interrupt  BUILD/K64F/ARM/mbed-os/targets/TARGET_Freescale/TARGET_MCUXpresso_MCUS/api/lp_ticker.o
    0x00004930   0x00000010   Code   RO         4458    .text.lp_ticker_disable_interrupt  BUILD/K64F/ARM/mbed-os/targets/TARGET_Freescale/TARGET_MCUXpresso_MCUS/api/lp_ticker.o
    0x00004940   0x00000010   Code   RO         4464    .text.lp_ticker_fire_interrupt  BUILD/K64F/ARM/mbed-os/targets/TARGET_Freescale/TARGET_MCUXpresso_MCUS/api/lp_ticker.o
    0x00004950   0x00000026   Code   RO         4468    .text.lp_ticker_free  BUILD/K64F/ARM/mbed-os/targets/TARGET_Freescale/TARGET_MCUXpresso_MCUS/api/lp_ticker.o
    0x00004976   0x0000000a   Code   RO         4452    .text.lp_ticker_get_info  BUILD/K64F/ARM/mbed-os/targets/TARGET_Freescale/TARGET_MCUXpresso_MCUS/api/lp_ticker.o
    0x00004980   0x00000080   Code   RO         4454    .text.lp_ticker_init  BUILD/K64F/ARM/mbed-os/targets/TARGET_Freescale/TARGET_MCUXpresso_MCUS/api/lp_ticker.o
    0x00004a00   0x00000018   Code   RO         1028    .text.lp_ticker_irq_handler  BUILD/K64F/ARM/mbed-os/hal/source/mbed_lp_ticker_api.o
    0x00004a18   0x00000010   Code   RO         4460    .text.lp_ticker_read  BUILD/K64F/ARM/mbed-os/targets/TARGET_Freescale/TARGET_MCUXpresso_MCUS/api/lp_ticker.o
    0x00004a28   0x00000034   Code   RO         4462    .text.lp_ticker_set_interrupt  BUILD/K64F/ARM/mbed-os/targets/TARGET_Freescale/TARGET_MCUXpresso_MCUS/api/lp_ticker.o
    0x00004a5c   0x00000012   Code   RO         4456    .text.lptmr_isr     BUILD/K64F/ARM/mbed-os/targets/TARGET_Freescale/TARGET_MCUXpresso_MCUS/api/lp_ticker.o
    0x00004a6e   0x00000032   Code   RO         1893    .text.lseek         BUILD/K64F/ARM/mbed-os/platform/source/mbed_retarget.o
    0x00004aa0   0x00000062   Code   RO            7    .text.main          BUILD/K64F/ARM/main.o
    0x00004b02   0x0000001a   Code   RO         1573    .text.mbed_assert_internal  BUILD/K64F/ARM/mbed-os/platform/source/mbed_assert.o
    0x00004b1c   0x000000aa   Code   RO         1673    .text.mbed_die      BUILD/K64F/ARM/mbed-os/platform/source/mbed_board.o
    0x00004bc6   0x00000002   PAD
    0x00004bc8   0x00000124   Code   RO         1721    .text.mbed_error    BUILD/K64F/ARM/mbed-os/platform/source/mbed_error.o
    0x00004cec   0x0000006a   Code   RO         1709    .text.mbed_error_initialize  BUILD/K64F/ARM/mbed-os/platform/source/mbed_error.o
    0x00004d56   0x00000020   Code   RO         1675    .text.mbed_error_printf  BUILD/K64F/ARM/mbed-os/platform/source/mbed_board.o
    0x00004d76   0x00000002   PAD
    0x00004d78   0x00000052   Code   RO         1679    .text.mbed_error_puts  BUILD/K64F/ARM/mbed-os/platform/source/mbed_board.o
    0x00004dca   0x00000034   Code   RO         1677    .text.mbed_error_vprintf  BUILD/K64F/ARM/mbed-os/platform/source/mbed_board.o
    0x00004dfe   0x00000002   PAD
    0x00004e00   0x00000100   Code   RO         1556    .text.mbed_fault_handler  BUILD/K64F/ARM/mbed-os/platform/source/TARGET_CORTEX_M/mbed_fault_handler.o
    0x00004f00   0x0000003e   Code   RO         1703    .text.mbed_halt_system  BUILD/K64F/ARM/mbed-os/platform/source/mbed_error.o
    0x00004f3e   0x00000002   PAD
    0x00004f40   0x000003a2   Code   RO         2242    .text.mbed_minimal_formatted_string  BUILD/K64F/ARM/mbed-os/platform/source/minimal-printf/mbed_printf_implementation.o
    0x000052e2   0x00000002   PAD
    0x000052e4   0x0000015c   Code   RO         2244    .text.mbed_minimal_formatted_string_integer  BUILD/K64F/ARM/mbed-os/platform/source/minimal-printf/mbed_printf_implementation.o
    0x00005440   0x00000046   Code   RO         2246    .text.mbed_minimal_putchar  BUILD/K64F/ARM/mbed-os/platform/source/minimal-printf/mbed_printf_implementation.o
    0x00005486   0x00000002   PAD
    0x00005488   0x0000006c   Code   RO         2856    .text.mbed_sdk_init  BUILD/K64F/ARM/mbed-os/targets/TARGET_Freescale/TARGET_MCUXpresso_MCUS/TARGET_MCU_K64F/TARGET_FRDM/mbed_overrides.o
    0x000054f4   0x00000020   Code   RO          384    .text.mbed_tiny_compute_crc32  BUILD/K64F/ARM/mbed-os/drivers/source/MbedCRC.o
    0x00005514   0x00000010   Code   RO         1123    .text.note_us_ticker_free  BUILD/K64F/ARM/mbed-os/hal/source/mbed_us_ticker_api.o
    0x00005524   0x00000014   Code   RO         1121    .text.note_us_ticker_init  BUILD/K64F/ARM/mbed-os/hal/source/mbed_us_ticker_api.o
    0x00005538   0x000000be   Code   RO         1871    .text.open          BUILD/K64F/ARM/mbed-os/platform/source/mbed_retarget.o
    0x000055f6   0x00000002   PAD
    0x000055f8   0x00000074   Code   RO         4474    .text.pin_function  BUILD/K64F/ARM/mbed-os/targets/TARGET_Freescale/TARGET_MCUXpresso_MCUS/api/pinmap.o
    0x0000566c   0x0000006a   Code   RO         4476    .text.pin_mode      BUILD/K64F/ARM/mbed-os/targets/TARGET_Freescale/TARGET_MCUXpresso_MCUS/api/pinmap.o
    0x000056d6   0x00000022   Code   RO         4271    .text.pit_isr       BUILD/K64F/ARM/mbed-os/targets/TARGET_Freescale/TARGET_MCUXpresso_MCUS/TARGET_MCU_K64F/us_ticker.o
    0x000056f8   0x00000170   Code   RO         1558    .text.print_context_info  BUILD/K64F/ARM/mbed-os/platform/source/TARGET_CORTEX_M/mbed_fault_handler.o
    0x00005868   0x00000190   Code   RO         1701    .text.print_error_report  BUILD/K64F/ARM/mbed-os/platform/source/mbed_error.o
    0x000059f8   0x0000013c   Code   RO         1091    .text.schedule_interrupt  BUILD/K64F/ARM/mbed-os/hal/source/mbed_ticker_api.o
    0x00005b34   0x0000002e   Code   RO         4120    .text.serial_baud   BUILD/K64F/ARM/mbed-os/targets/TARGET_Freescale/TARGET_MCUXpresso_MCUS/TARGET_MCU_K64F/serial_api.o
    0x00005b62   0x00000002   PAD
    0x00005b64   0x0000006e   Code   RO         4190    .text.serial_check_tx_ongoing  BUILD/K64F/ARM/mbed-os/targets/TARGET_Freescale/TARGET_MCUXpresso_MCUS/TARGET_MCU_K64F/serial_api.o
    0x00005bd2   0x00000002   PAD
    0x00005bd4   0x00000020   Code   RO         4140    .text.serial_getc   BUILD/K64F/ARM/mbed-os/targets/TARGET_Freescale/TARGET_MCUXpresso_MCUS/TARGET_MCU_K64F/serial_api.o
    0x00005bf4   0x00000100   Code   RO         4114    .text.serial_init_direct  BUILD/K64F/ARM/mbed-os/targets/TARGET_Freescale/TARGET_MCUXpresso_MCUS/TARGET_MCU_K64F/serial_api.o
    0x00005cf4   0x00000024   Code   RO         4144    .text.serial_putc   BUILD/K64F/ARM/mbed-os/targets/TARGET_Freescale/TARGET_MCUXpresso_MCUS/TARGET_MCU_K64F/serial_api.o
    0x00005d18   0x0000002e   Code   RO         4142    .text.serial_readable  BUILD/K64F/ARM/mbed-os/targets/TARGET_Freescale/TARGET_MCUXpresso_MCUS/TARGET_MCU_K64F/serial_api.o
    0x00005d46   0x0000002e   Code   RO         4146    .text.serial_writable  BUILD/K64F/ARM/mbed-os/targets/TARGET_Freescale/TARGET_MCUXpresso_MCUS/TARGET_MCU_K64F/serial_api.o
    0x00005d74   0x00000060   Code   RO         1822    .text.sleep_manager_lock_deep_sleep_internal  BUILD/K64F/ARM/mbed-os/platform/source/mbed_power_mgmt.o
    0x00005dd4   0x00000024   Code   RO         1830    .text.sleep_manager_sleep_auto  BUILD/K64F/ARM/mbed-os/platform/source/mbed_power_mgmt.o
    0x00005df8   0x00000064   Code   RO         1824    .text.sleep_manager_unlock_deep_sleep_internal  BUILD/K64F/ARM/mbed-os/platform/source/mbed_power_mgmt.o
    0x00005e5c   0x00000004   Code   RO         1723    .text.system_reset  BUILD/K64F/ARM/mbed-os/platform/source/mbed_error.o
    0x00005e60   0x00000032   Code   RO         1097    .text.ticker_insert_event_us  BUILD/K64F/ARM/mbed-os/hal/source/mbed_ticker_api.o
    0x00005e92   0x00000002   PAD
    0x00005e94   0x00000062   Code   RO         1087    .text.ticker_irq_handler  BUILD/K64F/ARM/mbed-os/hal/source/mbed_ticker_api.o
    0x00005ef6   0x00000008   Code   RO         1101    .text.ticker_read   BUILD/K64F/ARM/mbed-os/hal/source/mbed_ticker_api.o
    0x00005efe   0x00000022   Code   RO         1103    .text.ticker_read_us  BUILD/K64F/ARM/mbed-os/hal/source/mbed_ticker_api.o
    0x00005f20   0x00000036   Code   RO         1099    .text.ticker_remove_event  BUILD/K64F/ARM/mbed-os/hal/source/mbed_ticker_api.o
    0x00005f56   0x0000001a   Code   RO         1083    .text.ticker_set_handler  BUILD/K64F/ARM/mbed-os/hal/source/mbed_ticker_api.o
    0x00005f70   0x00000086   Code   RO         1089    .text.update_present_time  BUILD/K64F/ARM/mbed-os/hal/source/mbed_ticker_api.o
    0x00005ff6   0x0000000e   Code   RO         4277    .text.us_ticker_clear_interrupt  BUILD/K64F/ARM/mbed-os/targets/TARGET_Freescale/TARGET_MCUXpresso_MCUS/TARGET_MCU_K64F/us_ticker.o
    0x00006004   0x00000012   Code   RO         4275    .text.us_ticker_disable_interrupt  BUILD/K64F/ARM/mbed-os/targets/TARGET_Freescale/TARGET_MCUXpresso_MCUS/TARGET_MCU_K64F/us_ticker.o
    0x00006016   0x00000010   Code   RO         4281    .text.us_ticker_fire_interrupt  BUILD/K64F/ARM/mbed-os/targets/TARGET_Freescale/TARGET_MCUXpresso_MCUS/TARGET_MCU_K64F/us_ticker.o
    0x00006026   0x00000054   Code   RO         4283    .text.us_ticker_free  BUILD/K64F/ARM/mbed-os/targets/TARGET_Freescale/TARGET_MCUXpresso_MCUS/TARGET_MCU_K64F/us_ticker.o
    0x0000607a   0x0000000a   Code   RO         4267    .text.us_ticker_get_info  BUILD/K64F/ARM/mbed-os/targets/TARGET_Freescale/TARGET_MCUXpresso_MCUS/TARGET_MCU_K64F/us_ticker.o
    0x00006084   0x000000ae   Code   RO         4269    .text.us_ticker_init  BUILD/K64F/ARM/mbed-os/targets/TARGET_Freescale/TARGET_MCUXpresso_MCUS/TARGET_MCU_K64F/us_ticker.o
    0x00006132   0x00000018   Code   RO         1119    .text.us_ticker_irq_handler  BUILD/K64F/ARM/mbed-os/hal/source/mbed_us_ticker_api.o
    0x0000614a   0x0000000e   Code   RO         4273    .text.us_ticker_read  BUILD/K64F/ARM/mbed-os/targets/TARGET_Freescale/TARGET_MCUXpresso_MCUS/TARGET_MCU_K64F/us_ticker.o
    0x00006158   0x00000048   Code   RO         4279    .text.us_ticker_set_interrupt  BUILD/K64F/ARM/mbed-os/targets/TARGET_Freescale/TARGET_MCUXpresso_MCUS/TARGET_MCU_K64F/us_ticker.o
    0x000061a0   0x00000032   Code   RO         1879    .text.write         BUILD/K64F/ARM/mbed-os/platform/source/mbed_retarget.o
    0x000061d2   0x00000002   PAD
    0x000061d4   0x00000008   Code   RO         4795    i.__aeabi_errno_addr  c:\ProgramData\Mbed Studio\mbed-studio-tools\ac6\bin\..\lib\armlib\mc_w.l(errno.o)
    0x000061dc   0x000000a0   Code   RO         4779    i.__aligned_malloc$2region  c:\ProgramData\Mbed Studio\mbed-studio-tools\ac6\bin\..\lib\armlib\mc_w.l(malloca2.o)
    0x0000627c   0x00000050   Code   RO         4780    i.__free$memalign$2region  c:\ProgramData\Mbed Studio\mbed-studio-tools\ac6\bin\..\lib\armlib\mc_w.l(malloca2.o)
    0x000062cc   0x00000006   Code   RO         4781    i.__malloc$memalign$2region  c:\ProgramData\Mbed Studio\mbed-studio-tools\ac6\bin\..\lib\armlib\mc_w.l(malloca2.o)
    0x000062d2   0x0000000e   Code   RO         4925    i.__scatterload_copy  c:\ProgramData\Mbed Studio\mbed-studio-tools\ac6\bin\..\lib\armlib\mc_w.l(handlers.o)
    0x000062e0   0x00000002   Code   RO         4926    i.__scatterload_null  c:\ProgramData\Mbed Studio\mbed-studio-tools\ac6\bin\..\lib\armlib\mc_w.l(handlers.o)
    0x000062e2   0x0000000e   Code   RO         4927    i.__scatterload_zeroinit  c:\ProgramData\Mbed Studio\mbed-studio-tools\ac6\bin\..\lib\armlib\mc_w.l(handlers.o)
    0x000062f0   0x00000018   Code   RO         4712    i._fflush$full      c:\ProgramData\Mbed Studio\mbed-studio-tools\ac6\bin\..\lib\armlib\mc_w.l(fflush_f.o)
    0x00006308   0x00000000   Data   RO         2072    .rodata             BUILD/K64F/ARM/mbed-os/platform/source/mbed_sdk_boot.o
    0x00006308   0x00000050   Data   RO         1999    .rodata._ZTV12DirectSerial  BUILD/K64F/ARM/mbed-os/platform/source/mbed_retarget.o
    0x00006358   0x0000000c   Data   RO          731    .rodata._ZTVN4mbed10TimerEventE  BUILD/K64F/ARM/mbed-os/drivers/source/TimerEvent.o
    0x00006364   0x0000000c   Data   RO         1550    .rodata._ZTVN4mbed8internal8SysTimerINSt3__25ratioILx1ELx1000EEELb1EEE  BUILD/K64F/ARM/mbed-os/platform/source/SysTimer.o
    0x00006370   0x00000018   Data   RO         2009    .rodata._ZZL15default_consolevE14console_pinmap  BUILD/K64F/ARM/mbed-os/platform/source/mbed_retarget.o
    0x00006388   0x00000020   Data   RO         2836    .rodata.g_defaultClockConfigRun  BUILD/K64F/ARM/mbed-os/targets/TARGET_Freescale/TARGET_MCUXpresso_MCUS/TARGET_MCU_K64F/TARGET_FRDM/fsl_clock_config.o
    0x000063a8   0x00000014   Data   RO         4377    .rodata.gpio_addrs  BUILD/K64F/ARM/mbed-os/targets/TARGET_Freescale/TARGET_MCUXpresso_MCUS/api/gpio_api.o
    0x000063bc   0x00000008   Data   RO         1030    .rodata.lp_data     BUILD/K64F/ARM/mbed-os/hal/source/mbed_lp_ticker_api.o
    0x000063c4   0x00000024   Data   RO         1032    .rodata.lp_interface  BUILD/K64F/ARM/mbed-os/hal/source/mbed_lp_ticker_api.o
    0x000063e8   0x00000008   Data   RO         4470    .rodata.lp_ticker_get_info.info  BUILD/K64F/ARM/mbed-os/targets/TARGET_Freescale/TARGET_MCUXpresso_MCUS/api/lp_ticker.o
    0x000063f0   0x00000014   Data   RO         4479    .rodata.port_addrs  BUILD/K64F/ARM/mbed-os/targets/TARGET_Freescale/TARGET_MCUXpresso_MCUS/api/pinmap.o
    0x00006404   0x0000000c   Data   RO         3166    .rodata.s_dspiBases  BUILD/K64F/ARM/mbed-os/targets/TARGET_Freescale/TARGET_MCUXpresso_MCUS/TARGET_MCU_K64F/drivers/fsl_dspi.o
    0x00006410   0x00000018   Data   RO         4005    .rodata.s_uartBases  BUILD/K64F/ARM/mbed-os/targets/TARGET_Freescale/TARGET_MCUXpresso_MCUS/TARGET_MCU_K64F/drivers/fsl_uart.o
    0x00006428   0x00000018   Data   RO         4007    .rodata.s_uartClock  BUILD/K64F/ARM/mbed-os/targets/TARGET_Freescale/TARGET_MCUXpresso_MCUS/TARGET_MCU_K64F/drivers/fsl_uart.o
    0x00006440   0x00000041   Data   RO            9    .rodata.str1.1      BUILD/K64F/ARM/main.o
    0x00006481   0x0000004e   Data   RO         1410    .rodata.str1.1      BUILD/K64F/ARM/mbed-os/platform/source/SysTimer.o
    0x000064cf   0x000000c8   Data   RO         1562    .rodata.str1.1      BUILD/K64F/ARM/mbed-os/platform/source/TARGET_CORTEX_M/mbed_fault_handler.o
    0x00006597   0x00000132   Data   RO         1748    .rodata.str1.1      BUILD/K64F/ARM/mbed-os/platform/source/mbed_error.o
    0x000066c9   0x00000063   Data   RO         2003    .rodata.str1.1      BUILD/K64F/ARM/mbed-os/platform/source/mbed_retarget.o
    0x0000672c   0x0000007e   Data   RO         2998    .rodata.str1.1      BUILD/K64F/ARM/mbed-os/targets/TARGET_Freescale/TARGET_MCUXpresso_MCUS/TARGET_MCU_K64F/drivers/fsl_clock.o
    0x000067aa   0x0000008f   Data   RO         3167    .rodata.str1.1      BUILD/K64F/ARM/mbed-os/targets/TARGET_Freescale/TARGET_MCUXpresso_MCUS/TARGET_MCU_K64F/drivers/fsl_dspi.o
    0x00006839   0x0000006c   Data   RO         3308    .rodata.str1.1      BUILD/K64F/ARM/mbed-os/targets/TARGET_Freescale/TARGET_MCUXpresso_MCUS/TARGET_MCU_K64F/drivers/fsl_edma.o
    0x000068a5   0x0000005d   Data   RO         3359    .rodata.str1.1      BUILD/K64F/ARM/mbed-os/targets/TARGET_Freescale/TARGET_MCUXpresso_MCUS/TARGET_MCU_K64F/drivers/fsl_enet.o
    0x00006902   0x000000b5   Data   RO         3505    .rodata.str1.1      BUILD/K64F/ARM/mbed-os/targets/TARGET_Freescale/TARGET_MCUXpresso_MCUS/TARGET_MCU_K64F/drivers/fsl_flexcan.o
    0x000069b7   0x00000066   Data   RO         3623    .rodata.str1.1      BUILD/K64F/ARM/mbed-os/targets/TARGET_Freescale/TARGET_MCUXpresso_MCUS/TARGET_MCU_K64F/drivers/fsl_i2c.o
    0x00006a1d   0x00000085   Data   RO         3666    .rodata.str1.1      BUILD/K64F/ARM/mbed-os/targets/TARGET_Freescale/TARGET_MCUXpresso_MCUS/TARGET_MCU_K64F/drivers/fsl_lptmr.o
    0x00006aa2   0x00000081   Data   RO         3684    .rodata.str1.1      BUILD/K64F/ARM/mbed-os/targets/TARGET_Freescale/TARGET_MCUXpresso_MCUS/TARGET_MCU_K64F/drivers/fsl_pit.o
    0x00006b23   0x0000005c   Data   RO         3734    .rodata.str1.1      BUILD/K64F/ARM/mbed-os/targets/TARGET_Freescale/TARGET_MCUXpresso_MCUS/TARGET_MCU_K64F/drivers/fsl_rtc.o
    0x00006b7f   0x0000005c   Data   RO         3801    .rodata.str1.1      BUILD/K64F/ARM/mbed-os/targets/TARGET_Freescale/TARGET_MCUXpresso_MCUS/TARGET_MCU_K64F/drivers/fsl_sai.o
    0x00006bdb   0x0000005d   Data   RO         3873    .rodata.str1.1      BUILD/K64F/ARM/mbed-os/targets/TARGET_Freescale/TARGET_MCUXpresso_MCUS/TARGET_MCU_K64F/drivers/fsl_sdhc.o
    0x00006c38   0x00000091   Data   RO         4006    .rodata.str1.1      BUILD/K64F/ARM/mbed-os/targets/TARGET_Freescale/TARGET_MCUXpresso_MCUS/TARGET_MCU_K64F/drivers/fsl_uart.o
    0x00006cc9   0x00000057   Data   RO         4193    .rodata.str1.1      BUILD/K64F/ARM/mbed-os/targets/TARGET_Freescale/TARGET_MCUXpresso_MCUS/TARGET_MCU_K64F/serial_api.o
    0x00006d20   0x00000061   Data   RO         4376    .rodata.str1.1      BUILD/K64F/ARM/mbed-os/targets/TARGET_Freescale/TARGET_MCUXpresso_MCUS/api/gpio_api.o
    0x00006d81   0x00000047   Data   RO         4478    .rodata.str1.1      BUILD/K64F/ARM/mbed-os/targets/TARGET_Freescale/TARGET_MCUXpresso_MCUS/api/pinmap.o
    0x00006dc8   0x00000018   Data   RO         4194    .rodata.uart_addrs  BUILD/K64F/ARM/mbed-os/targets/TARGET_Freescale/TARGET_MCUXpresso_MCUS/TARGET_MCU_K64F/serial_api.o
    0x00006de0   0x00000006   Data   RO         4195    .rodata.uart_clocks  BUILD/K64F/ARM/mbed-os/targets/TARGET_Freescale/TARGET_MCUXpresso_MCUS/TARGET_MCU_K64F/serial_api.o
    0x00006de6   0x00000002   PAD
    0x00006de8   0x00000008   Data   RO         1125    .rodata.us_data     BUILD/K64F/ARM/mbed-os/hal/source/mbed_us_ticker_api.o
    0x00006df0   0x00000024   Data   RO         1128    .rodata.us_interface  BUILD/K64F/ARM/mbed-os/hal/source/mbed_us_ticker_api.o
    0x00006e14   0x00000008   Data   RO         4285    .rodata.us_ticker_get_info.info  BUILD/K64F/ARM/mbed-os/targets/TARGET_Freescale/TARGET_MCUXpresso_MCUS/TARGET_MCU_K64F/us_ticker.o
    0x00006e1c   0x00000020   Data   RO         4924    Region$$Table       anon$$obj.o
    0x00006e3c   0x00000000   Data   RO         4811    .init_array         c:\ProgramData\Mbed Studio\mbed-studio-tools\ac6\bin\..\lib\armlib\mc_w.l(cpp_init.o)


    Execution Region VECTOR_RAM (Base: 0x1fff0000, Size: 0x00000400, Max: 0x00000400, ABSOLUTE)

    Base Addr    Size         Type   Attr      Idx    E Section Name        Object

    0x1fff0000   0x00000400   Zero   RW            1    VECTOR_RAM.bss      anon$$obj.o


    Execution Region RW_m_crash_data (Base: 0x1fff0400, Size: 0x00000100, Max: 0x00000100, ABSOLUTE)

    Base Addr    Size         Type   Attr      Idx    E Section Name        Object

    0x1fff0400   0x00000100   Zero   RW            2    RW_m_crash_data.bss  anon$$obj.o


    Execution Region RW_m_data (Base: 0x1fff0500, Size: 0x000003ac, Max: 0x0000fb00, ABSOLUTE)

    Base Addr    Size         Type   Attr      Idx    E Section Name        Object

    0x1fff0500   0x00000004   Data   RW         4798    .data               c:\ProgramData\Mbed Studio\mbed-studio-tools\ac6\bin\..\lib\armlib\mc_w.l(errno.o)
    0x1fff0504   0x00000004   Data   RW         4869    .data               c:\ProgramData\Mbed Studio\mbed-studio-tools\ac6\bin\..\lib\armlib\mc_w.l(mvars.o)
    0x1fff0508   0x00000004   Data   RW         4870    .data               c:\ProgramData\Mbed Studio\mbed-studio-tools\ac6\bin\..\lib\armlib\mc_w.l(mvars.o)
    0x1fff050c   0x00000004   Data   RW         2872    .data.SystemCoreClock  BUILD/K64F/ARM/mbed-os/targets/TARGET_Freescale/TARGET_MCUXpresso_MCUS/TARGET_MCU_K64F/device/system_MK64F12.o
    0x1fff0510   0x00000040   Data   RW         2008    .data._ZL11filehandles  BUILD/K64F/ARM/mbed-os/platform/source/mbed_retarget.o
    0x1fff0550   0x00000004   Data   RW         1031    .data.irq_handler   BUILD/K64F/ARM/mbed-os/hal/source/mbed_lp_ticker_api.o
    0x1fff0554   0x00000004   Data   RW         1126    .data.irq_handler   BUILD/K64F/ARM/mbed-os/hal/source/mbed_us_ticker_api.o
    0x1fff0558   0x00000004   Data   RW         3001    .data.s_fastIrcFreq  BUILD/K64F/ARM/mbed-os/targets/TARGET_Freescale/TARGET_MCUXpresso_MCUS/TARGET_MCU_K64F/drivers/fsl_clock.o
    0x1fff055c   0x00000004   Data   RW         3002    .data.s_slowIrcFreq  BUILD/K64F/ARM/mbed-os/targets/TARGET_Freescale/TARGET_MCUXpresso_MCUS/TARGET_MCU_K64F/drivers/fsl_clock.o
    0x1fff0560   0x00000018   Data   RW         3908    .data.s_stopRamFuncArray  BUILD/K64F/ARM/mbed-os/targets/TARGET_Freescale/TARGET_MCUXpresso_MCUS/TARGET_MCU_K64F/drivers/fsl_smc.o
    0x1fff0578   0x00000014   Zero   RW         4742    .bss                c:\ProgramData\Mbed Studio\mbed-studio-tools\ac6\bin\..\lib\armlib\mc_w.l(stdout_f.o)
    0x1fff058c   0x00000014   Zero   RW         4743    .bss                c:\ProgramData\Mbed Studio\mbed-studio-tools\ac6\bin\..\lib\armlib\mc_w.l(stderr_f.o)
    0x1fff05a0   0x00000004   Zero   RW         2011    .bss._ZGVZL15default_consolevE7console  BUILD/K64F/ARM/mbed-os/platform/source/mbed_retarget.o
    0x1fff05a4   0x00000010   Zero   RW         2001    .bss._ZL13stdio_in_prev  BUILD/K64F/ARM/mbed-os/platform/source/mbed_retarget.o
    0x1fff05b4   0x00000010   Zero   RW         2002    .bss._ZL14stdio_out_prev  BUILD/K64F/ARM/mbed-os/platform/source/mbed_retarget.o
    0x1fff05c4   0x00000008   Zero   RW         2007    .bss._ZL16filehandle_mutex  BUILD/K64F/ARM/mbed-os/platform/source/mbed_retarget.o
    0x1fff05cc   0x00000004   Zero   RW         1300    .bss._ZN4mbed8FileBase5_headE  BUILD/K64F/ARM/mbed-os/platform/source/FileBase.o
    0x1fff05d0   0x00000008   Zero   RW         1301    .bss._ZN4mbed8FileBase6_mutexE  BUILD/K64F/ARM/mbed-os/platform/source/FileBase.o
    0x1fff05d8   0x00000004   Zero   RW         1302    .bss._ZN4mbed8FileBase8_defaultE  BUILD/K64F/ARM/mbed-os/platform/source/FileBase.o
    0x1fff05dc   0x00000004   PAD
    0x1fff05e0   0x00000048   Zero   RW         1803    .bss._ZN4mbed8internal12_GLOBAL__N_113os_timer_dataE  BUILD/K64F/ARM/mbed-os/platform/source/mbed_os_timer.o
    0x1fff0628   0x00000004   Zero   RW         1802    .bss._ZN4mbed8internal8os_timerE  BUILD/K64F/ARM/mbed-os/platform/source/mbed_os_timer.o
    0x1fff062c   0x00000004   Zero   RW         2010    .bss._ZZL15default_consolevE7console  BUILD/K64F/ARM/mbed-os/platform/source/mbed_retarget.o
    0x1fff0630   0x00000001   Zero   RW         1127    .bss._us_ticker_initialized  BUILD/K64F/ARM/mbed-os/hal/source/mbed_us_ticker_api.o
    0x1fff0631   0x00000001   Zero   RW          995    .bss.critical_interrupts_enabled  BUILD/K64F/ARM/mbed-os/hal/source/mbed_critical_section_api.o
    0x1fff0632   0x00000002   PAD
    0x1fff0634   0x00000004   Zero   RW         1694    .bss.critical_section_reentrancy_counter  BUILD/K64F/ARM/mbed-os/platform/source/mbed_critical.o
    0x1fff0638   0x00000002   Zero   RW         1832    .bss.deep_sleep_lock  BUILD/K64F/ARM/mbed-os/platform/source/mbed_power_mgmt.o
    0x1fff063a   0x00000002   PAD
    0x1fff063c   0x00000004   Zero   RW         1747    .bss.error_count    BUILD/K64F/ARM/mbed-os/platform/source/mbed_error.o
    0x1fff0640   0x00000004   Zero   RW         1749    .bss.error_hook     BUILD/K64F/ARM/mbed-os/platform/source/mbed_error.o
    0x1fff0644   0x00000004   PAD
    0x1fff0648   0x00000038   Zero   RW         1033    .bss.events         BUILD/K64F/ARM/mbed-os/hal/source/mbed_lp_ticker_api.o
    0x1fff0680   0x00000038   Zero   RW         1129    .bss.events         BUILD/K64F/ARM/mbed-os/hal/source/mbed_us_ticker_api.o
    0x1fff06b8   0x00000040   Zero   RW         1746    .bss.first_error_ctx  BUILD/K64F/ARM/mbed-os/platform/source/mbed_error.o
    0x1fff06f8   0x00000003   Zero   RW         3165    .bss.g_dspiDummyData  BUILD/K64F/ARM/mbed-os/targets/TARGET_Freescale/TARGET_MCUXpresso_MCUS/TARGET_MCU_K64F/drivers/fsl_dspi.o
    0x1fff06fb   0x00000001   PAD
    0x1fff06fc   0x0000000c   Zero   RW         3169    .bss.g_dspiHandle   BUILD/K64F/ARM/mbed-os/targets/TARGET_Freescale/TARGET_MCUXpresso_MCUS/TARGET_MCU_K64F/drivers/fsl_dspi.o
    0x1fff0708   0x00000004   Zero   RW         3907    .bss.g_savedPrimask  BUILD/K64F/ARM/mbed-os/targets/TARGET_Freescale/TARGET_MCUXpresso_MCUS/TARGET_MCU_K64F/drivers/fsl_smc.o
    0x1fff070c   0x00000004   Zero   RW         2997    .bss.g_xtal0Freq    BUILD/K64F/ARM/mbed-os/targets/TARGET_Freescale/TARGET_MCUXpresso_MCUS/TARGET_MCU_K64F/drivers/fsl_clock.o
    0x1fff0710   0x00000004   Zero   RW         2999    .bss.g_xtal32Freq   BUILD/K64F/ARM/mbed-os/targets/TARGET_Freescale/TARGET_MCUXpresso_MCUS/TARGET_MCU_K64F/drivers/fsl_clock.o
    0x1fff0714   0x00000001   Zero   RW         1750    .bss.halt_in_progress  BUILD/K64F/ARM/mbed-os/platform/source/mbed_error.o
    0x1fff0715   0x00000001   Zero   RW         1745    .bss.is_reboot_error_valid  BUILD/K64F/ARM/mbed-os/platform/source/mbed_error.o
    0x1fff0716   0x00000002   PAD
    0x1fff0718   0x00000040   Zero   RW         1744    .bss.last_error_ctx  BUILD/K64F/ARM/mbed-os/platform/source/mbed_error.o
    0x1fff0758   0x00000001   Zero   RW         4471    .bss.lp_ticker_inited  BUILD/K64F/ARM/mbed-os/targets/TARGET_Freescale/TARGET_MCUXpresso_MCUS/api/lp_ticker.o
    0x1fff0759   0x00000001   Zero   RW         1743    .bss.mbed_error_in_progress  BUILD/K64F/ARM/mbed-os/platform/source/mbed_error.o
    0x1fff075a   0x00000002   PAD
    0x1fff075c   0x00000004   Zero   RW         1998    .bss.mbed_heap_size  BUILD/K64F/ARM/mbed-os/platform/source/mbed_retarget.o
    0x1fff0760   0x00000004   Zero   RW         1997    .bss.mbed_heap_start  BUILD/K64F/ARM/mbed-os/platform/source/mbed_retarget.o
    0x1fff0764   0x00000004   Zero   RW         2071    .bss.mbed_stack_isr_size  BUILD/K64F/ARM/mbed-os/platform/source/mbed_sdk_boot.o
    0x1fff0768   0x00000004   Zero   RW         2070    .bss.mbed_stack_isr_start  BUILD/K64F/ARM/mbed-os/platform/source/mbed_sdk_boot.o
    0x1fff076c   0x00000040   Zero   RW         3309    .bss.s_EDMAHandle   BUILD/K64F/ARM/mbed-os/targets/TARGET_Freescale/TARGET_MCUXpresso_MCUS/TARGET_MCU_K64F/drivers/fsl_edma.o
    0x1fff07ac   0x00000004   Zero   RW         3360    .bss.s_ENETHandle.0  BUILD/K64F/ARM/mbed-os/targets/TARGET_Freescale/TARGET_MCUXpresso_MCUS/TARGET_MCU_K64F/drivers/fsl_enet.o
    0x1fff07b0   0x00000004   Zero   RW         3506    .bss.s_flexcanHandle.0  BUILD/K64F/ARM/mbed-os/targets/TARGET_Freescale/TARGET_MCUXpresso_MCUS/TARGET_MCU_K64F/drivers/fsl_flexcan.o
    0x1fff07b4   0x0000000c   Zero   RW         3626    .bss.s_i2cHandle    BUILD/K64F/ARM/mbed-os/targets/TARGET_Freescale/TARGET_MCUXpresso_MCUS/TARGET_MCU_K64F/drivers/fsl_i2c.o
    0x1fff07c0   0x00000008   Zero   RW         3802    .bss.s_saiHandle    BUILD/K64F/ARM/mbed-os/targets/TARGET_Freescale/TARGET_MCUXpresso_MCUS/TARGET_MCU_K64F/drivers/fsl_sai.o
    0x1fff07c8   0x00000004   Zero   RW         3874    .bss.s_sdhcHandle.0  BUILD/K64F/ARM/mbed-os/targets/TARGET_Freescale/TARGET_MCUXpresso_MCUS/TARGET_MCU_K64F/drivers/fsl_sdhc.o
    0x1fff07cc   0x00000018   Zero   RW         4008    .bss.s_uartHandle   BUILD/K64F/ARM/mbed-os/targets/TARGET_Freescale/TARGET_MCUXpresso_MCUS/TARGET_MCU_K64F/drivers/fsl_uart.o
    0x1fff07e4   0x00000001   Zero   RW          994    .bss.state_saved    BUILD/K64F/ARM/mbed-os/hal/source/mbed_critical_section_api.o
    0x1fff07e5   0x00000003   PAD
    0x1fff07e8   0x000000bc   Zero   RW         4196    .bss.stdio_uart     BUILD/K64F/ARM/mbed-os/targets/TARGET_Freescale/TARGET_MCUXpresso_MCUS/TARGET_MCU_K64F/serial_api.o
    0x1fff08a4   0x00000004   Zero   RW         4192    .bss.stdio_uart_inited  BUILD/K64F/ARM/mbed-os/targets/TARGET_Freescale/TARGET_MCUXpresso_MCUS/TARGET_MCU_K64F/serial_api.o
    0x1fff08a8   0x00000001   Zero   RW         4286    .bss.us_ticker_inited  BUILD/K64F/ARM/mbed-os/targets/TARGET_Freescale/TARGET_MCUXpresso_MCUS/TARGET_MCU_K64F/us_ticker.o


    Execution Region RW_m_data_2 (Base: 0x20000000, Size: 0x00000000, Max: 0x00030000, ABSOLUTE)

    **** No section assigned to this execution region ****


    Execution Region RW_IRAM1 (Base: 0x20000000, Size: 0x00000000, Max: 0x00000000, ABSOLUTE)

    Base Addr    Size         Type   Attr      Idx    E Section Name        Object

    0x20000000   0x00000000   Zero   RW            3    RW_IRAM1.bss        anon$$obj.o


    Execution Region ARM_LIB_HEAP (Base: 0x20000000, Size: 0x0002f000, Max: 0x0002f000, ABSOLUTE)

    Base Addr    Size         Type   Attr      Idx    E Section Name        Object

    0x20000000   0x0002f000   Zero   RW            4    ARM_LIB_HEAP.bss    anon$$obj.o


    Execution Region ARM_LIB_STACK (Base: 0x2002f000, Size: 0x00001000, Max: 0x00001000, ABSOLUTE)

    Base Addr    Size         Type   Attr      Idx    E Section Name        Object

    0x2002f000   0x00001000   Zero   RW            5    ARM_LIB_STACK.bss   anon$$obj.o


==============================================================================

Image component sizes


      Code (inc. data)   RO Data    RW Data    ZI Data      Debug   

     23364       1818       3908        108     198668      23824   Object Totals
         0          0         32          0     197888          0   (incl. Generated)
        84          0          2          0         23          0   (incl. Padding)
       948         94          0         12         40       1556   Library Totals
         2          0          0          0          0          0   (incl. Padding)

==============================================================================


      Code (inc. data)   RO Data    RW Data    ZI Data      Debug   

     24312       1912       3908        120     198708      23576   Grand Totals
     24312       1912       3908        120     198708      23576   ELF Image Totals
     24312       1912       3908        120          0          0   ROM Totals

==============================================================================

    Total RO  Size (Code + RO Data)                28220 (  27.56kB)
    Total RW  Size (RW Data + ZI Data)            198828 ( 194.17kB)
    Total ROM Size (Code + RO Data + RW Data)      28340 (  27.68kB)

==============================================================================

